// Jest Snapshot v1, https://goo.gl/fbAQLP

exports[`expect to render CardList component 1`] = `
ShallowWrapper {
  "length": 1,
  Symbol(enzyme.__root__): [Circular],
  Symbol(enzyme.__unrendered__): <CardList
    robots={
        Array [
            Object {
              "email": "pah@test.com",
              "id": 1,
              "name": "Peter Higgins",
            },
          ]
    }
/>,
  Symbol(enzyme.__renderer__): Object {
    "batchedUpdates": [Function],
    "getNode": [Function],
    "render": [Function],
    "simulateEvent": [Function],
    "unmount": [Function],
  },
  Symbol(enzyme.__node__): Array [
    <Card
      email="pah@test.com"
      id={1}
      name="Peter Higgins"
/>,
  ],
  Symbol(enzyme.__nodes__): Array [
    Array [
      <Card
        email="pah@test.com"
        id={1}
        name="Peter Higgins"
/>,
    ],
  ],
  Symbol(enzyme.__options__): Object {
    "adapter": ReactSixteenAdapter {
      "options": Object {
        "enableComponentDidUpdateOnSetState": true,
      },
    },
  },
}
`;
